lib/test-type-error.ts(1,7): error TS2322: Type 'string' is not assignable to type 'number'.
lib/test-type-error.ts(1,7): error TS2451: Cannot redeclare block-scoped variable 'A'.
test.ts(1,7): error TS2322: Type 'string' is not assignable to type 'number'.
test.ts(1,7): error TS2451: Cannot redeclare block-scoped variable 'A'.
